<?xml version="1.0" encoding="UTF-8"?>
<TestRun id="51ec2cb9-79c2-47b1-89f8-0fda578cb17f" name="Joe@JOE-PDC 2010-07-12 15:33:52" runUser="Joe-PDC\Joe" xmlns="http://microsoft.com/schemas/VisualStudio/TeamTest/2010">
  <TestSettings name="Local" id="7657ee9f-6b13-4592-87be-03ca8606b8d6">
    <Description>These are default test settings for a local test run.</Description>
    <Deployment enabled="false" runDeploymentRoot="Joe_JOE-PDC 2010-07-12 15_33_52" />
    <Execution>
      <TestTypeSpecific />
      <AgentRule name="Execution Agents">
      </AgentRule>
    </Execution>
  </TestSettings>
  <Times creation="2010-07-12T15:33:52.5268077-05:00" queuing="2010-07-12T15:33:52.5948116-05:00" start="2010-07-12T15:33:52.7048178-05:00" finish="2010-07-12T15:33:53.8778849-05:00" />
  <ResultSummary outcome="Failed">
    <Counters total="8" executed="8" passed="6" error="0" failed="2" timeout="0" aborted="0" inconclusive="0" passedButRunAborted="0" notRunnable="0" notExecuted="0" disconnected="0" warning="0" completed="0" inProgress="0" pending="0" />
  </ResultSummary>
  <TestDefinitions>
    <UnitTest name="YouTube_URIRegEx_Test" storage="c:\projects\projects\seesmic videopreview plugin\biggert.seesmic.videopreview\unittests\bin\debug\unittests.dll" id="8fac5282-02b1-eb62-9222-d3d8be394697">
      <Execution id="ec8c6341-e054-47b5-bb82-967407547b1d" />
      <TestMethod codeBase="C:/Projects/Projects/Seesmic VideoPreview Plugin/Biggert.Seesmic.VideoPreview/UnitTests/bin/Debug/UnitTests.DLL" adapterTypeName="Microsoft.VisualStudio.TestTools.TestTypes.Unit.UnitTestAdapter, Microsoft.VisualStudio.QualityTools.Tips.UnitTest.Adapter, Version=10.0.0.0, Culture=neutral, PublicKeyToken=b03f5f7f11d50a3a" className="UnitTests.UnitTest1, UnitTests, Version=1.0.0.0, Culture=neutral, PublicKeyToken=null" name="YouTube_URIRegEx_Test" />
    </UnitTest>
    <UnitTest name="TwitvidWWW_URIRegEx_Test" storage="c:\projects\projects\seesmic videopreview plugin\biggert.seesmic.videopreview\unittests\bin\debug\unittests.dll" id="ea431294-afd9-9007-19f1-6d13e349bf5b">
      <Execution id="063b9aa3-1212-4206-b687-dc6e4c70ac57" />
      <TestMethod codeBase="C:/Projects/Projects/Seesmic VideoPreview Plugin/Biggert.Seesmic.VideoPreview/UnitTests/bin/Debug/UnitTests.DLL" adapterTypeName="Microsoft.VisualStudio.TestTools.TestTypes.Unit.UnitTestAdapter, Microsoft.VisualStudio.QualityTools.Tips.UnitTest.Adapter, Version=10.0.0.0, Culture=neutral, PublicKeyToken=b03f5f7f11d50a3a" className="UnitTests.UnitTest1, UnitTests, Version=1.0.0.0, Culture=neutral, PublicKeyToken=null" name="TwitvidWWW_URIRegEx_Test" />
    </UnitTest>
    <UnitTest name="YouTubeShort_URIRegEx_Test" storage="c:\projects\projects\seesmic videopreview plugin\biggert.seesmic.videopreview\unittests\bin\debug\unittests.dll" id="926bd3c9-c333-187c-c2a8-a597e1867e90">
      <Execution id="0306b3ff-a3ec-4719-8302-2968d3ad7e57" />
      <TestMethod codeBase="C:/Projects/Projects/Seesmic VideoPreview Plugin/Biggert.Seesmic.VideoPreview/UnitTests/bin/Debug/UnitTests.DLL" adapterTypeName="Microsoft.VisualStudio.TestTools.TestTypes.Unit.UnitTestAdapter, Microsoft.VisualStudio.QualityTools.Tips.UnitTest.Adapter, Version=10.0.0.0, Culture=neutral, PublicKeyToken=b03f5f7f11d50a3a" className="UnitTests.UnitTest1, UnitTests, Version=1.0.0.0, Culture=neutral, PublicKeyToken=null" name="YouTubeShort_URIRegEx_Test" />
    </UnitTest>
    <UnitTest name="TwitVidWWW_VidID_Test" storage="c:\projects\projects\seesmic videopreview plugin\biggert.seesmic.videopreview\unittests\bin\debug\unittests.dll" id="cc19f64f-361f-74de-7dbe-e44b5dc86c9e">
      <Execution id="dea6b4e8-ce95-47cf-8d0a-c1ed45ddda75" />
      <TestMethod codeBase="C:/Projects/Projects/Seesmic VideoPreview Plugin/Biggert.Seesmic.VideoPreview/UnitTests/bin/Debug/UnitTests.DLL" adapterTypeName="Microsoft.VisualStudio.TestTools.TestTypes.Unit.UnitTestAdapter, Microsoft.VisualStudio.QualityTools.Tips.UnitTest.Adapter, Version=10.0.0.0, Culture=neutral, PublicKeyToken=b03f5f7f11d50a3a" className="UnitTests.UnitTest1, UnitTests, Version=1.0.0.0, Culture=neutral, PublicKeyToken=null" name="TwitVidWWW_VidID_Test" />
    </UnitTest>
    <UnitTest name="YouTubeshort_VidID_Test" storage="c:\projects\projects\seesmic videopreview plugin\biggert.seesmic.videopreview\unittests\bin\debug\unittests.dll" id="3133f1ed-74d7-9ef7-c7a0-7dde16055a41">
      <Execution id="72431941-c03e-4a6e-aa95-62e6a0acef5a" />
      <TestMethod codeBase="C:/Projects/Projects/Seesmic VideoPreview Plugin/Biggert.Seesmic.VideoPreview/UnitTests/bin/Debug/UnitTests.DLL" adapterTypeName="Microsoft.VisualStudio.TestTools.TestTypes.Unit.UnitTestAdapter, Microsoft.VisualStudio.QualityTools.Tips.UnitTest.Adapter, Version=10.0.0.0, Culture=neutral, PublicKeyToken=b03f5f7f11d50a3a" className="UnitTests.UnitTest1, UnitTests, Version=1.0.0.0, Culture=neutral, PublicKeyToken=null" name="YouTubeshort_VidID_Test" />
    </UnitTest>
    <UnitTest name="YouTube_VidID_Test" storage="c:\projects\projects\seesmic videopreview plugin\biggert.seesmic.videopreview\unittests\bin\debug\unittests.dll" id="462e535a-5f76-3cf4-c0dc-ccc7dbd9155a">
      <Execution id="14179972-4b6c-4b83-9203-e04bb1a2566b" />
      <TestMethod codeBase="C:/Projects/Projects/Seesmic VideoPreview Plugin/Biggert.Seesmic.VideoPreview/UnitTests/bin/Debug/UnitTests.DLL" adapterTypeName="Microsoft.VisualStudio.TestTools.TestTypes.Unit.UnitTestAdapter, Microsoft.VisualStudio.QualityTools.Tips.UnitTest.Adapter, Version=10.0.0.0, Culture=neutral, PublicKeyToken=b03f5f7f11d50a3a" className="UnitTests.UnitTest1, UnitTests, Version=1.0.0.0, Culture=neutral, PublicKeyToken=null" name="YouTube_VidID_Test" />
    </UnitTest>
    <UnitTest name="Twitvid_URIRegEx_Test" storage="c:\projects\projects\seesmic videopreview plugin\biggert.seesmic.videopreview\unittests\bin\debug\unittests.dll" id="08b0a395-843e-7b08-5906-4b09506806ad">
      <Execution id="bd57f1f8-a094-4dab-be8b-a50abf76e4b7" />
      <TestMethod codeBase="C:/Projects/Projects/Seesmic VideoPreview Plugin/Biggert.Seesmic.VideoPreview/UnitTests/bin/Debug/UnitTests.DLL" adapterTypeName="Microsoft.VisualStudio.TestTools.TestTypes.Unit.UnitTestAdapter, Microsoft.VisualStudio.QualityTools.Tips.UnitTest.Adapter, Version=10.0.0.0, Culture=neutral, PublicKeyToken=b03f5f7f11d50a3a" className="UnitTests.UnitTest1, UnitTests, Version=1.0.0.0, Culture=neutral, PublicKeyToken=null" name="Twitvid_URIRegEx_Test" />
    </UnitTest>
    <UnitTest name="TwitVid_VidID_Test" storage="c:\projects\projects\seesmic videopreview plugin\biggert.seesmic.videopreview\unittests\bin\debug\unittests.dll" id="43d590c9-79f8-1bb3-bb25-658017893025">
      <Execution id="c5e77156-1c66-4642-a7f9-b9e192c1e09c" />
      <TestMethod codeBase="C:/Projects/Projects/Seesmic VideoPreview Plugin/Biggert.Seesmic.VideoPreview/UnitTests/bin/Debug/UnitTests.DLL" adapterTypeName="Microsoft.VisualStudio.TestTools.TestTypes.Unit.UnitTestAdapter, Microsoft.VisualStudio.QualityTools.Tips.UnitTest.Adapter, Version=10.0.0.0, Culture=neutral, PublicKeyToken=b03f5f7f11d50a3a" className="UnitTests.UnitTest1, UnitTests, Version=1.0.0.0, Culture=neutral, PublicKeyToken=null" name="TwitVid_VidID_Test" />
    </UnitTest>
  </TestDefinitions>
  <TestLists>
    <TestList name="Results Not in a List" id="8c84fa94-04c1-424b-9868-57a2d4851a1d" />
    <TestList name="All Loaded Results" id="19431567-8539-422a-85d7-44ee4e166bda" />
  </TestLists>
  <TestEntries>
    <TestEntry testId="08b0a395-843e-7b08-5906-4b09506806ad" executionId="bd57f1f8-a094-4dab-be8b-a50abf76e4b7" testListId="8c84fa94-04c1-424b-9868-57a2d4851a1d" />
    <TestEntry testId="3133f1ed-74d7-9ef7-c7a0-7dde16055a41" executionId="72431941-c03e-4a6e-aa95-62e6a0acef5a" testListId="8c84fa94-04c1-424b-9868-57a2d4851a1d" />
    <TestEntry testId="43d590c9-79f8-1bb3-bb25-658017893025" executionId="c5e77156-1c66-4642-a7f9-b9e192c1e09c" testListId="8c84fa94-04c1-424b-9868-57a2d4851a1d" />
    <TestEntry testId="462e535a-5f76-3cf4-c0dc-ccc7dbd9155a" executionId="14179972-4b6c-4b83-9203-e04bb1a2566b" testListId="8c84fa94-04c1-424b-9868-57a2d4851a1d" />
    <TestEntry testId="8fac5282-02b1-eb62-9222-d3d8be394697" executionId="ec8c6341-e054-47b5-bb82-967407547b1d" testListId="8c84fa94-04c1-424b-9868-57a2d4851a1d" />
    <TestEntry testId="926bd3c9-c333-187c-c2a8-a597e1867e90" executionId="0306b3ff-a3ec-4719-8302-2968d3ad7e57" testListId="8c84fa94-04c1-424b-9868-57a2d4851a1d" />
    <TestEntry testId="cc19f64f-361f-74de-7dbe-e44b5dc86c9e" executionId="dea6b4e8-ce95-47cf-8d0a-c1ed45ddda75" testListId="8c84fa94-04c1-424b-9868-57a2d4851a1d" />
    <TestEntry testId="ea431294-afd9-9007-19f1-6d13e349bf5b" executionId="063b9aa3-1212-4206-b687-dc6e4c70ac57" testListId="8c84fa94-04c1-424b-9868-57a2d4851a1d" />
  </TestEntries>
  <Results>
    <UnitTestResult executionId="bd57f1f8-a094-4dab-be8b-a50abf76e4b7" testId="08b0a395-843e-7b08-5906-4b09506806ad" testName="Twitvid_URIRegEx_Test" computerName="JOE-PDC" duration="00:00:00.0296188" startTime="2010-07-12T15:33:52.8058236-05:00" endTime="2010-07-12T15:33:53.4158585-05:00" testType="13cdc9d9-ddb5-4fa4-a97d-d965ccfc6d4b" outcome="Passed" testListId="8c84fa94-04c1-424b-9868-57a2d4851a1d" relativeResultsDirectory="bd57f1f8-a094-4dab-be8b-a50abf76e4b7">
    </UnitTestResult>
    <UnitTestResult executionId="72431941-c03e-4a6e-aa95-62e6a0acef5a" testId="3133f1ed-74d7-9ef7-c7a0-7dde16055a41" testName="YouTubeshort_VidID_Test" computerName="JOE-PDC" duration="00:00:00.0495404" startTime="2010-07-12T15:33:53.4258591-05:00" endTime="2010-07-12T15:33:53.5198645-05:00" testType="13cdc9d9-ddb5-4fa4-a97d-d965ccfc6d4b" outcome="Failed" testListId="8c84fa94-04c1-424b-9868-57a2d4851a1d" relativeResultsDirectory="72431941-c03e-4a6e-aa95-62e6a0acef5a">
      <Output>
        <ErrorInfo>
          <Message>Assert.IsFalse failed. </Message>
          <StackTrace>   at UnitTests.UnitTest1.YouTubeshort_VidID_Test() in C:\Projects\Projects\Seesmic VideoPreview Plugin\Biggert.Seesmic.VideoPreview\UnitTests\UnitTest1.cs:line 84
</StackTrace>
        </ErrorInfo>
      </Output>
    </UnitTestResult>
    <UnitTestResult executionId="c5e77156-1c66-4642-a7f9-b9e192c1e09c" testId="43d590c9-79f8-1bb3-bb25-658017893025" testName="TwitVid_VidID_Test" computerName="JOE-PDC" duration="00:00:00.0017006" startTime="2010-07-12T15:33:53.5688673-05:00" endTime="2010-07-12T15:33:53.6058694-05:00" testType="13cdc9d9-ddb5-4fa4-a97d-d965ccfc6d4b" outcome="Passed" testListId="8c84fa94-04c1-424b-9868-57a2d4851a1d" relativeResultsDirectory="c5e77156-1c66-4642-a7f9-b9e192c1e09c">
    </UnitTestResult>
    <UnitTestResult executionId="14179972-4b6c-4b83-9203-e04bb1a2566b" testId="462e535a-5f76-3cf4-c0dc-ccc7dbd9155a" testName="YouTube_VidID_Test" computerName="JOE-PDC" duration="00:00:00.0014645" startTime="2010-07-12T15:33:53.6168700-05:00" endTime="2010-07-12T15:33:53.6388713-05:00" testType="13cdc9d9-ddb5-4fa4-a97d-d965ccfc6d4b" outcome="Passed" testListId="8c84fa94-04c1-424b-9868-57a2d4851a1d" relativeResultsDirectory="14179972-4b6c-4b83-9203-e04bb1a2566b">
    </UnitTestResult>
    <UnitTestResult executionId="ec8c6341-e054-47b5-bb82-967407547b1d" testId="8fac5282-02b1-eb62-9222-d3d8be394697" testName="YouTube_URIRegEx_Test" computerName="JOE-PDC" duration="00:00:00.0056844" startTime="2010-07-12T15:33:53.6458717-05:00" endTime="2010-07-12T15:33:53.6768734-05:00" testType="13cdc9d9-ddb5-4fa4-a97d-d965ccfc6d4b" outcome="Failed" testListId="8c84fa94-04c1-424b-9868-57a2d4851a1d" relativeResultsDirectory="ec8c6341-e054-47b5-bb82-967407547b1d">
      <Output>
        <ErrorInfo>
          <Message>Assert.IsTrue failed. </Message>
          <StackTrace>   at UnitTests.UnitTest1.YouTube_URIRegEx_Test() in C:\Projects\Projects\Seesmic VideoPreview Plugin\Biggert.Seesmic.VideoPreview\UnitTests\UnitTest1.cs:line 27
</StackTrace>
        </ErrorInfo>
      </Output>
    </UnitTestResult>
    <UnitTestResult executionId="0306b3ff-a3ec-4719-8302-2968d3ad7e57" testId="926bd3c9-c333-187c-c2a8-a597e1867e90" testName="YouTubeShort_URIRegEx_Test" computerName="JOE-PDC" duration="00:00:00.0022934" startTime="2010-07-12T15:33:53.6858740-05:00" endTime="2010-07-12T15:33:53.7198759-05:00" testType="13cdc9d9-ddb5-4fa4-a97d-d965ccfc6d4b" outcome="Passed" testListId="8c84fa94-04c1-424b-9868-57a2d4851a1d" relativeResultsDirectory="0306b3ff-a3ec-4719-8302-2968d3ad7e57">
    </UnitTestResult>
    <UnitTestResult executionId="dea6b4e8-ce95-47cf-8d0a-c1ed45ddda75" testId="cc19f64f-361f-74de-7dbe-e44b5dc86c9e" testName="TwitVidWWW_VidID_Test" computerName="JOE-PDC" duration="00:00:00.0091558" startTime="2010-07-12T15:33:53.7268763-05:00" endTime="2010-07-12T15:33:53.7468774-05:00" testType="13cdc9d9-ddb5-4fa4-a97d-d965ccfc6d4b" outcome="Passed" testListId="8c84fa94-04c1-424b-9868-57a2d4851a1d" relativeResultsDirectory="dea6b4e8-ce95-47cf-8d0a-c1ed45ddda75">
    </UnitTestResult>
    <UnitTestResult executionId="063b9aa3-1212-4206-b687-dc6e4c70ac57" testId="ea431294-afd9-9007-19f1-6d13e349bf5b" testName="TwitvidWWW_URIRegEx_Test" computerName="JOE-PDC" duration="00:00:00.0004662" startTime="2010-07-12T15:33:53.8088810-05:00" endTime="2010-07-12T15:33:53.8228818-05:00" testType="13cdc9d9-ddb5-4fa4-a97d-d965ccfc6d4b" outcome="Passed" testListId="8c84fa94-04c1-424b-9868-57a2d4851a1d" relativeResultsDirectory="063b9aa3-1212-4206-b687-dc6e4c70ac57">
    </UnitTestResult>
  </Results>
</TestRun>