<?xml version="1.0" encoding="UTF-8"?>
<TestRun id="3c728f95-8449-4413-8d15-8973a3c0f24c" name="Joe@JOE-PDC 2011-07-14 13:23:00" runUser="Joe-PDC\Joe" xmlns="http://microsoft.com/schemas/VisualStudio/TeamTest/2010">
  <TestSettings name="Local" id="7657ee9f-6b13-4592-87be-03ca8606b8d6">
    <Description>These are default test settings for a local test run.</Description>
    <Deployment userDeploymentRoot="C:\Projects\Projects\Seesmic VideoPreview Plugin\Biggert.Seesmic.VideoPreview\TestResults" useDefaultDeploymentRoot="false" enabled="false" runDeploymentRoot="Joe_JOE-PDC 2011-07-14 13_23_00" />
    <Execution>
      <TestTypeSpecific />
      <AgentRule name="Execution Agents">
      </AgentRule>
    </Execution>
  </TestSettings>
  <Times creation="2011-07-14T13:23:00.4646510-05:00" queuing="2011-07-14T13:23:04.2846625-05:00" start="2011-07-14T13:23:04.9607012-05:00" finish="2011-07-14T13:27:10.2065838-05:00" />
  <ResultSummary outcome="Error">
    <Counters total="1" executed="1" error="0" failed="0" timeout="0" aborted="1" inconclusive="0" passedButRunAborted="0" notRunnable="0" notExecuted="0" disconnected="0" warning="0" passed="0" completed="0" inProgress="0" pending="0" />
    <RunInfos>
      <RunInfo computerName="JOE-PDC" outcome="Error" timestamp="2011-07-14T13:27:10.2035836-05:00">
        <Text>Test host process exited unexpectedly.</Text>
      </RunInfo>
    </RunInfos>
  </ResultSummary>
  <TestDefinitions>
    <UnitTest name="URI_Test" storage="c:\projects\projects\seesmic videopreview plugin\biggert.seesmic.videopreview\unittests\bin\release\unittests.dll" id="9c3691ad-4c8e-ba1b-c06e-6740cb70a957">
      <Execution id="b17727af-653d-42dd-acee-6b53aaf4e681" />
      <TestMethod codeBase="C:/Projects/Projects/Seesmic VideoPreview Plugin/Biggert.Seesmic.VideoPreview/UnitTests/bin/Release/UnitTests.DLL" adapterTypeName="Microsoft.VisualStudio.TestTools.TestTypes.Unit.UnitTestAdapter, Microsoft.VisualStudio.QualityTools.Tips.UnitTest.Adapter, Version=10.0.0.0, Culture=neutral, PublicKeyToken=b03f5f7f11d50a3a" className="UnitTests.UnitTest1, UnitTests, Version=1.0.0.0, Culture=neutral, PublicKeyToken=null" name="URI_Test" />
    </UnitTest>
  </TestDefinitions>
  <TestLists>
    <TestList name="Results Not in a List" id="8c84fa94-04c1-424b-9868-57a2d4851a1d" />
    <TestList name="All Loaded Results" id="19431567-8539-422a-85d7-44ee4e166bda" />
  </TestLists>
  <TestEntries>
    <TestEntry testId="9c3691ad-4c8e-ba1b-c06e-6740cb70a957" executionId="b17727af-653d-42dd-acee-6b53aaf4e681" testListId="8c84fa94-04c1-424b-9868-57a2d4851a1d" />
  </TestEntries>
  <Results>
    <UnitTestResult executionId="b17727af-653d-42dd-acee-6b53aaf4e681" testId="9c3691ad-4c8e-ba1b-c06e-6740cb70a957" testName="URI_Test" computerName="JOE-PDC" duration="00:04:04.8328590" startTime="2011-07-14T13:23:05.3737248-05:00" endTime="2011-07-14T13:27:10.2065838-05:00" testType="13cdc9d9-ddb5-4fa4-a97d-d965ccfc6d4b" outcome="Aborted" testListId="8c84fa94-04c1-424b-9868-57a2d4851a1d" relativeResultsDirectory="b17727af-653d-42dd-acee-6b53aaf4e681">
    </UnitTestResult>
  </Results>
</TestRun>